=========================================================================
Log Path: sample_data//dbImportStudies_20260914_111546.log
Program Path: C:/Users/ksnyder/GitHub/scoreSEND/build_DB.R
Working Directory: C:/Users/ksnyder/GitHub/scoreSEND
User Name: ksnyder
R Version: 4.4.1 (2024-06-14 ucrt)
Machine: CER-PF5BT8LX x86-64
Operating System: Windows 10 x64 build 26100
Base Packages: stats graphics grDevices utils datasets methods base
Other Packages: logr_1.3.9 common_1.1.5 sendigR_1.0.0 this.path_2.7.1
Log Start Time: 2026-09-14 11:15:47.128751
=========================================================================

35449: OK
43066: OK
87497: OK
96298: OK
=========================================================================
Log End Time: 2026-09-14 11:15:59.945254
Log Elapsed Time: 0 00:00:12
=========================================================================
